{
  "type": "policies",
  "files": [
    {
      "file": "config/policies/real-policy.yaml",
      "valid": true,
      "data": {
        "id": "default-policy",
        "name": "Default Evaluation Policy",
        "description": "Standard policy for model evaluation",
        "thresholds": {
          "acc": [
            {
              "impact": "high",
              "interpretation": "High accuracy required",
              "min": 0.8,
              "max": 1.0
            },
            {
              "impact": "moderate",
              "interpretation": "Moderate accuracy acceptable",
              "min": 0.6,
              "max": 0.8
            },
            {
              "impact": "low",
              "interpretation": "Low accuracy",
              "min": 0.0,
              "max": 0.6
            }
          ]
        },
        "metadata": {
          "version": "1.0",
          "created_at": "2024-01-01T00:00:00Z"
        }
      },
      "errors": []
    }
  ],
  "summary": {
    "total": 1,
    "valid": 1,
    "invalid": 0,
    "errors": []
  }
}
